Product: MDK-ARM Professional 5.10
Component: ARM Compiler 5.04 update 1 (build 49)
Tool: armlink [5040049]

==============================================================================

Section Cross References

    startup_stm32f10x_cl.o(RESET) refers to startup_stm32f10x_cl.o(STACK) for __initial_sp
    startup_stm32f10x_cl.o(RESET) refers to startup_stm32f10x_cl.o(.text) for Reset_Handler
    startup_stm32f10x_cl.o(RESET) refers to stm32f10x_it.o(.text) for NMI_Handler
    startup_stm32f10x_cl.o(RESET) refers to os_cpu_a.o(.text) for OS_CPU_PendSVHandler
    startup_stm32f10x_cl.o(RESET) refers to os_cpu_c.o(.text) for OS_CPU_SysTickHandler
    startup_stm32f10x_cl.o(.text) refers to system_stm32f10x.o(.text) for SystemInit
    startup_stm32f10x_cl.o(.text) refers to entry.o(.ARM.Collect$$$$00000000) for __main
    system_stm32f10x.o(.text) refers to system_stm32f10x.o(.data) for SystemCoreClock
    stm32f10x_gpio.o(.text) refers to stm32f10x_rcc.o(.text) for RCC_APB2PeriphResetCmd
    stm32f10x_rcc.o(.text) refers to stm32f10x_rcc.o(.data) for APBAHBPrescTable
    os_cpu_a.o(.text) refers (Special) to os_core.o(.text) for OSIntExit
    os_cpu_a.o(.text) refers (Special) to os_core.o(.data) for OSIntNesting
    os_cpu_a.o(.text) refers to os_cpu_c.o(.text) for OSTaskSwHook
    os_cpu_c.o(.text) refers to os_cpu_a.o(.text) for OS_CPU_SR_Save
    os_cpu_c.o(.text) refers to os_core.o(.text) for OSTimeTick
    os_cpu_c.o(.text) refers to os_core.o(.data) for OSIntNesting
    os_core.o(.text) refers to os_task.o(.text) for OSTaskStkChk
    os_core.o(.text) refers to os_time.o(.text) for OSTimeDly
    os_core.o(.text) refers to os_cpu_a.o(.text) for OS_CPU_SR_Save
    os_core.o(.text) refers to os_cpu_c.o(.text) for OSTaskStatHook
    os_core.o(.text) refers to os_core.o(.bss) for OSTCBPrioTbl
    os_core.o(.text) refers to os_core.o(.data) for OSStatRdy
    os_core.o(.text) refers to os_core.o(.constdata) for OSUnMapTbl
    os_mutex.o(.text) refers to os_cpu_a.o(.text) for OS_CPU_SR_Save
    os_mutex.o(.text) refers to os_core.o(.text) for OS_EventWaitListInit
    os_mutex.o(.text) refers to os_core.o(.data) for OSIntNesting
    os_mutex.o(.text) refers to os_core.o(.bss) for OSTCBPrioTbl
    os_sem.o(.text) refers to os_cpu_a.o(.text) for OS_CPU_SR_Save
    os_sem.o(.text) refers to os_core.o(.text) for OS_EventWaitListInit
    os_sem.o(.text) refers to os_core.o(.data) for OSIntNesting
    os_task.o(.text) refers to os_cpu_a.o(.text) for OS_CPU_SR_Save
    os_task.o(.text) refers to os_core.o(.text) for OS_Sched
    os_task.o(.text) refers to os_cpu_c.o(.text) for OSTaskStkInit
    os_task.o(.text) refers to os_core.o(.bss) for OSTCBPrioTbl
    os_task.o(.text) refers to os_core.o(.data) for OSTCBCur
    os_time.o(.text) refers to os_cpu_a.o(.text) for OS_CPU_SR_Save
    os_time.o(.text) refers to os_core.o(.text) for OS_Sched
    os_time.o(.text) refers to os_core.o(.data) for OSIntNesting
    os_time.o(.text) refers to os_core.o(.bss) for OSTCBPrioTbl
    bsp.o(.text) refers to stm32f10x_rcc.o(.text) for RCC_DeInit
    bsp.o(.text) refers to stm32f10x_flash.o(.text) for FLASH_PrefetchBufferCmd
    bsp.o(.text) refers to led.o(.text) for Bsp_Led_Init
    bsp.o(.text) refers to system_stm32f10x.o(.data) for SystemCoreClock
    led.o(.text) refers to stm32f10x_rcc.o(.text) for RCC_APB2PeriphClockCmd
    led.o(.text) refers to stm32f10x_gpio.o(.text) for GPIO_Init
    main.o(.text) refers to os_time.o(.text) for OSTimeDlyHMSM
    main.o(.text) refers to os_task.o(.text) for OSTaskCreateExt
    main.o(.text) refers to bsp.o(.text) for Bsp_Init
    main.o(.text) refers to led.o(.text) for Led_On
    main.o(.text) refers to os_core.o(.text) for OSInit
    main.o(.text) refers to main.o(.bss) for Test_Idle_STK
    entry.o(.ARM.Collect$$$$00000000) refers (Special) to entry10a.o(.ARM.Collect$$$$0000000D) for __rt_final_cpp
    entry.o(.ARM.Collect$$$$00000000) refers (Special) to entry11a.o(.ARM.Collect$$$$0000000F) for __rt_final_exit
    entry.o(.ARM.Collect$$$$00000000) refers (Special) to entry7b.o(.ARM.Collect$$$$00000008) for _main_clock
    entry.o(.ARM.Collect$$$$00000000) refers (Special) to entry8b.o(.ARM.Collect$$$$0000000A) for _main_cpp_init
    entry.o(.ARM.Collect$$$$00000000) refers (Special) to entry9a.o(.ARM.Collect$$$$0000000B) for _main_init
    entry.o(.ARM.Collect$$$$00000000) refers (Special) to entry5.o(.ARM.Collect$$$$00000004) for _main_scatterload
    entry.o(.ARM.Collect$$$$00000000) refers (Special) to entry2.o(.ARM.Collect$$$$00000001) for _main_stk
    entry2.o(.ARM.Collect$$$$00000001) refers to entry2.o(.ARM.Collect$$$$00002712) for __lit__00000000
    entry2.o(.ARM.Collect$$$$00002712) refers to startup_stm32f10x_cl.o(STACK) for __initial_sp
    entry2.o(__vectab_stack_and_reset_area) refers to startup_stm32f10x_cl.o(STACK) for __initial_sp
    entry2.o(__vectab_stack_and_reset_area) refers to entry.o(.ARM.Collect$$$$00000000) for __main
    entry5.o(.ARM.Collect$$$$00000004) refers to init.o(.text) for __scatterload
    entry9a.o(.ARM.Collect$$$$0000000B) refers to main.o(.text) for main
    entry9b.o(.ARM.Collect$$$$0000000C) refers to main.o(.text) for main
    init.o(.text) refers to entry5.o(.ARM.Collect$$$$00000004) for __main_after_scatterload


==============================================================================

Removing Unused input sections from the image.

    Removing startup_stm32f10x_cl.o(HEAP), (512 bytes).
    Removing core_cm3.o(.emb_text), (32 bytes).
    Removing misc.o(.text), (220 bytes).
    Removing os_mutex.o(.text), (1536 bytes).
    Removing os_sem.o(.text), (908 bytes).

5 unused section(s) (total 3208 bytes) removed from the image.

==============================================================================

Image Symbol Table

    Local Symbols

    Symbol Name                              Value     Ov Type        Size  Object(Section)

    ../clib/microlib/init/entry.s            0x00000000   Number         0  entry10b.o ABSOLUTE
    ../clib/microlib/init/entry.s            0x00000000   Number         0  entry.o ABSOLUTE
    ../clib/microlib/init/entry.s            0x00000000   Number         0  entry2.o ABSOLUTE
    ../clib/microlib/init/entry.s            0x00000000   Number         0  entry5.o ABSOLUTE
    ../clib/microlib/init/entry.s            0x00000000   Number         0  entry7a.o ABSOLUTE
    ../clib/microlib/init/entry.s            0x00000000   Number         0  entry10a.o ABSOLUTE
    ../clib/microlib/init/entry.s            0x00000000   Number         0  entry7b.o ABSOLUTE
    ../clib/microlib/init/entry.s            0x00000000   Number         0  entry8a.o ABSOLUTE
    ../clib/microlib/init/entry.s            0x00000000   Number         0  entry8b.o ABSOLUTE
    ../clib/microlib/init/entry.s            0x00000000   Number         0  entry9a.o ABSOLUTE
    ../clib/microlib/init/entry.s            0x00000000   Number         0  entry9b.o ABSOLUTE
    ../clib/microlib/init/entry.s            0x00000000   Number         0  entry11b.o ABSOLUTE
    ../clib/microlib/init/entry.s            0x00000000   Number         0  entry11a.o ABSOLUTE
    ..\BSP\bsp.c                             0x00000000   Number         0  bsp.o ABSOLUTE
    ..\BSP\led.c                             0x00000000   Number         0  led.o ABSOLUTE
    ..\BSP\stm32f10x_it.c                    0x00000000   Number         0  stm32f10x_it.o ABSOLUTE
    ..\Main\main.c                           0x00000000   Number         0  main.o ABSOLUTE
    ..\STM32_StdPeriph_Library\CMSIS\CoreSupport\core_cm3.c 0x00000000   Number         0  core_cm3.o ABSOLUTE
    ..\STM32_StdPeriph_Library\CMSIS\DeviceSupport\ST\STM32F10x\system_stm32f10x.c 0x00000000   Number         0  system_stm32f10x.o ABSOLUTE
    ..\STM32_StdPeriph_Library\STM32F10x_StdPeriph_Driver\src\misc.c 0x00000000   Number         0  misc.o ABSOLUTE
    ..\STM32_StdPeriph_Library\STM32F10x_StdPeriph_Driver\src\stm32f10x_flash.c 0x00000000   Number         0  stm32f10x_flash.o ABSOLUTE
    ..\STM32_StdPeriph_Library\STM32F10x_StdPeriph_Driver\src\stm32f10x_gpio.c 0x00000000   Number         0  stm32f10x_gpio.o ABSOLUTE
    ..\STM32_StdPeriph_Library\STM32F10x_StdPeriph_Driver\src\stm32f10x_rcc.c 0x00000000   Number         0  stm32f10x_rcc.o ABSOLUTE
    ..\UCOSII\RealView\os_cpu_a.asm          0x00000000   Number         0  os_cpu_a.o ABSOLUTE
    ..\UCOSII\RealView\os_cpu_c.c            0x00000000   Number         0  os_cpu_c.o ABSOLUTE
    ..\UCOSII\Source\os_core.c               0x00000000   Number         0  os_core.o ABSOLUTE
    ..\UCOSII\Source\os_flag.c               0x00000000   Number         0  os_flag.o ABSOLUTE
    ..\UCOSII\Source\os_mbox.c               0x00000000   Number         0  os_mbox.o ABSOLUTE
    ..\UCOSII\Source\os_mem.c                0x00000000   Number         0  os_mem.o ABSOLUTE
    ..\UCOSII\Source\os_mutex.c              0x00000000   Number         0  os_mutex.o ABSOLUTE
    ..\UCOSII\Source\os_q.c                  0x00000000   Number         0  os_q.o ABSOLUTE
    ..\UCOSII\Source\os_sem.c                0x00000000   Number         0  os_sem.o ABSOLUTE
    ..\UCOSII\Source\os_task.c               0x00000000   Number         0  os_task.o ABSOLUTE
    ..\UCOSII\Source\os_time.c               0x00000000   Number         0  os_time.o ABSOLUTE
    ..\UCOSII\Source\os_tmr.c                0x00000000   Number         0  os_tmr.o ABSOLUTE
    ..\\STM32_StdPeriph_Library\\CMSIS\\CoreSupport\\core_cm3.c 0x00000000   Number         0  core_cm3.o ABSOLUTE
    dc.s                                     0x00000000   Number         0  dc.o ABSOLUTE
    handlers.s                               0x00000000   Number         0  handlers.o ABSOLUTE
    init.s                                   0x00000000   Number         0  init.o ABSOLUTE
    startup_stm32f10x_cl.s                   0x00000000   Number         0  startup_stm32f10x_cl.o ABSOLUTE
    RESET                                    0x08000000   Section      336  startup_stm32f10x_cl.o(RESET)
    .ARM.Collect$$$$00000000                 0x08000150   Section        0  entry.o(.ARM.Collect$$$$00000000)
    .ARM.Collect$$$$00000001                 0x08000150   Section        4  entry2.o(.ARM.Collect$$$$00000001)
    .ARM.Collect$$$$00000004                 0x08000154   Section        4  entry5.o(.ARM.Collect$$$$00000004)
    .ARM.Collect$$$$00000008                 0x08000158   Section        0  entry7b.o(.ARM.Collect$$$$00000008)
    .ARM.Collect$$$$0000000A                 0x08000158   Section        0  entry8b.o(.ARM.Collect$$$$0000000A)
    .ARM.Collect$$$$0000000B                 0x08000158   Section        8  entry9a.o(.ARM.Collect$$$$0000000B)
    .ARM.Collect$$$$0000000D                 0x08000160   Section        0  entry10a.o(.ARM.Collect$$$$0000000D)
    .ARM.Collect$$$$0000000F                 0x08000160   Section        0  entry11a.o(.ARM.Collect$$$$0000000F)
    .ARM.Collect$$$$00002712                 0x08000160   Section        4  entry2.o(.ARM.Collect$$$$00002712)
    __lit__00000000                          0x08000160   Data           4  entry2.o(.ARM.Collect$$$$00002712)
    .text                                    0x08000164   Section       36  startup_stm32f10x_cl.o(.text)
    .text                                    0x08000188   Section        0  system_stm32f10x.o(.text)
    SetSysClockTo72                          0x08000189   Thumb Code   264  system_stm32f10x.o(.text)
    SetSysClock                              0x08000291   Thumb Code     8  system_stm32f10x.o(.text)
    .text                                    0x0800040c   Section        0  stm32f10x_flash.o(.text)
    .text                                    0x080009c8   Section        0  stm32f10x_gpio.o(.text)
    .text                                    0x08000d24   Section        0  stm32f10x_rcc.o(.text)
    .text                                    0x08001228   Section      180  os_cpu_a.o(.text)
    .text                                    0x080012dc   Section        0  os_cpu_c.o(.text)
    .text                                    0x080013b0   Section        0  os_core.o(.text)
    OS_InitTaskStat                          0x0800145b   Thumb Code    52  os_core.o(.text)
    OS_InitTaskIdle                          0x080014b1   Thumb Code    52  os_core.o(.text)
    OS_InitEventList                         0x080014f7   Thumb Code    74  os_core.o(.text)
    OS_InitTCBList                           0x08001541   Thumb Code    94  os_core.o(.text)
    OS_InitRdyList                           0x0800159f   Thumb Code    44  os_core.o(.text)
    OS_InitMisc                              0x080015cb   Thumb Code    44  os_core.o(.text)
    OS_SchedNew                              0x08001637   Thumb Code    26  os_core.o(.text)
    .text                                    0x08001c1c   Section        0  os_task.o(.text)
    .text                                    0x080023c8   Section        0  os_time.o(.text)
    .text                                    0x08002578   Section        0  stm32f10x_it.o(.text)
    .text                                    0x0800259c   Section        0  bsp.o(.text)
    .text                                    0x080026c8   Section        0  led.o(.text)
    Bsp_Led_Gpio_Init                        0x080026c9   Thumb Code    40  led.o(.text)
    .text                                    0x08002718   Section        0  main.o(.text)
    Test_Idle                                0x08002719   Thumb Code    16  main.o(.text)
    Test_Task                                0x0800275b   Thumb Code    44  main.o(.text)
    .text                                    0x080027f0   Section       36  init.o(.text)
    i.__scatterload_copy                     0x08002814   Section       14  handlers.o(i.__scatterload_copy)
    i.__scatterload_null                     0x08002822   Section        2  handlers.o(i.__scatterload_null)
    i.__scatterload_zeroinit                 0x08002824   Section       14  handlers.o(i.__scatterload_zeroinit)
    .constdata                               0x08002832   Section      256  os_core.o(.constdata)
    .data                                    0x20000000   Section       20  system_stm32f10x.o(.data)
    .data                                    0x20000014   Section       20  stm32f10x_rcc.o(.data)
    APBAHBPrescTable                         0x20000014   Data          16  stm32f10x_rcc.o(.data)
    ADCPrescTable                            0x20000024   Data           4  stm32f10x_rcc.o(.data)
    .data                                    0x20000028   Section       64  os_core.o(.data)
    .bss                                     0x20000068   Section     2344  os_core.o(.bss)
    .bss                                     0x20000990   Section     2048  main.o(.bss)
    Test_Task_STK                            0x20000990   Data        1024  main.o(.bss)
    Test_Idle_STK                            0x20000d90   Data        1024  main.o(.bss)
    STACK                                    0x20001190   Section     1024  startup_stm32f10x_cl.o(STACK)

    Global Symbols

    Symbol Name                              Value     Ov Type        Size  Object(Section)

    BuildAttributes$$THM_ISAv4$P$D$K$B$S$PE$A:L22UL41UL21$X:L11$S22US41US21$IEEE1$IW$USESV6$~STKCKD$USESV7$~SHL$OSPACE$EBA8$MICROLIB$REQ8$PRES8$EABIv2 0x00000000   Number         0  anon$$obj.o ABSOLUTE
    __ARM_use_no_argv                        0x00000000   Number         0  main.o ABSOLUTE
    __cpp_initialize__aeabi_                  - Undefined Weak Reference
    __cxa_finalize                            - Undefined Weak Reference
    __decompress                              - Undefined Weak Reference
    _clock_init                               - Undefined Weak Reference
    _microlib_exit                            - Undefined Weak Reference
    __Vectors_Size                           0x00000150   Number         0  startup_stm32f10x_cl.o ABSOLUTE
    __Vectors                                0x08000000   Data           4  startup_stm32f10x_cl.o(RESET)
    __Vectors_End                            0x08000150   Data           0  startup_stm32f10x_cl.o(RESET)
    __main                                   0x08000151   Thumb Code     0  entry.o(.ARM.Collect$$$$00000000)
    _main_stk                                0x08000151   Thumb Code     0  entry2.o(.ARM.Collect$$$$00000001)
    _main_scatterload                        0x08000155   Thumb Code     0  entry5.o(.ARM.Collect$$$$00000004)
    __main_after_scatterload                 0x08000159   Thumb Code     0  entry5.o(.ARM.Collect$$$$00000004)
    _main_clock                              0x08000159   Thumb Code     0  entry7b.o(.ARM.Collect$$$$00000008)
    _main_cpp_init                           0x08000159   Thumb Code     0  entry8b.o(.ARM.Collect$$$$0000000A)
    _main_init                               0x08000159   Thumb Code     0  entry9a.o(.ARM.Collect$$$$0000000B)
    __rt_final_cpp                           0x08000161   Thumb Code     0  entry10a.o(.ARM.Collect$$$$0000000D)
    __rt_final_exit                          0x08000161   Thumb Code     0  entry11a.o(.ARM.Collect$$$$0000000F)
    Reset_Handler                            0x08000165   Thumb Code     8  startup_stm32f10x_cl.o(.text)
    ADC1_2_IRQHandler                        0x0800017f   Thumb Code     0  startup_stm32f10x_cl.o(.text)
    CAN1_RX0_IRQHandler                      0x0800017f   Thumb Code     0  startup_stm32f10x_cl.o(.text)
    CAN1_RX1_IRQHandler                      0x0800017f   Thumb Code     0  startup_stm32f10x_cl.o(.text)
    CAN1_SCE_IRQHandler                      0x0800017f   Thumb Code     0  startup_stm32f10x_cl.o(.text)
    CAN1_TX_IRQHandler                       0x0800017f   Thumb Code     0  startup_stm32f10x_cl.o(.text)
    CAN2_RX0_IRQHandler                      0x0800017f   Thumb Code     0  startup_stm32f10x_cl.o(.text)
    CAN2_RX1_IRQHandler                      0x0800017f   Thumb Code     0  startup_stm32f10x_cl.o(.text)
    CAN2_SCE_IRQHandler                      0x0800017f   Thumb Code     0  startup_stm32f10x_cl.o(.text)
    CAN2_TX_IRQHandler                       0x0800017f   Thumb Code     0  startup_stm32f10x_cl.o(.text)
    DMA1_Channel1_IRQHandler                 0x0800017f   Thumb Code     0  startup_stm32f10x_cl.o(.text)
    DMA1_Channel2_IRQHandler                 0x0800017f   Thumb Code     0  startup_stm32f10x_cl.o(.text)
    DMA1_Channel3_IRQHandler                 0x0800017f   Thumb Code     0  startup_stm32f10x_cl.o(.text)
    DMA1_Channel4_IRQHandler                 0x0800017f   Thumb Code     0  startup_stm32f10x_cl.o(.text)
    DMA1_Channel5_IRQHandler                 0x0800017f   Thumb Code     0  startup_stm32f10x_cl.o(.text)
    DMA1_Channel6_IRQHandler                 0x0800017f   Thumb Code     0  startup_stm32f10x_cl.o(.text)
    DMA1_Channel7_IRQHandler                 0x0800017f   Thumb Code     0  startup_stm32f10x_cl.o(.text)
    DMA2_Channel1_IRQHandler                 0x0800017f   Thumb Code     0  startup_stm32f10x_cl.o(.text)
    DMA2_Channel2_IRQHandler                 0x0800017f   Thumb Code     0  startup_stm32f10x_cl.o(.text)
    DMA2_Channel3_IRQHandler                 0x0800017f   Thumb Code     0  startup_stm32f10x_cl.o(.text)
    DMA2_Channel4_IRQHandler                 0x0800017f   Thumb Code     0  startup_stm32f10x_cl.o(.text)
    DMA2_Channel5_IRQHandler                 0x0800017f   Thumb Code     0  startup_stm32f10x_cl.o(.text)
    ETH_IRQHandler                           0x0800017f   Thumb Code     0  startup_stm32f10x_cl.o(.text)
    ETH_WKUP_IRQHandler                      0x0800017f   Thumb Code     0  startup_stm32f10x_cl.o(.text)
    EXTI0_IRQHandler                         0x0800017f   Thumb Code     0  startup_stm32f10x_cl.o(.text)
    EXTI15_10_IRQHandler                     0x0800017f   Thumb Code     0  startup_stm32f10x_cl.o(.text)
    EXTI1_IRQHandler                         0x0800017f   Thumb Code     0  startup_stm32f10x_cl.o(.text)
    EXTI2_IRQHandler                         0x0800017f   Thumb Code     0  startup_stm32f10x_cl.o(.text)
    EXTI3_IRQHandler                         0x0800017f   Thumb Code     0  startup_stm32f10x_cl.o(.text)
    EXTI4_IRQHandler                         0x0800017f   Thumb Code     0  startup_stm32f10x_cl.o(.text)
    EXTI9_5_IRQHandler                       0x0800017f   Thumb Code     0  startup_stm32f10x_cl.o(.text)
    FLASH_IRQHandler                         0x0800017f   Thumb Code     0  startup_stm32f10x_cl.o(.text)
    I2C1_ER_IRQHandler                       0x0800017f   Thumb Code     0  startup_stm32f10x_cl.o(.text)
    I2C1_EV_IRQHandler                       0x0800017f   Thumb Code     0  startup_stm32f10x_cl.o(.text)
    I2C2_ER_IRQHandler                       0x0800017f   Thumb Code     0  startup_stm32f10x_cl.o(.text)
    I2C2_EV_IRQHandler                       0x0800017f   Thumb Code     0  startup_stm32f10x_cl.o(.text)
    OTG_FS_IRQHandler                        0x0800017f   Thumb Code     0  startup_stm32f10x_cl.o(.text)
    OTG_FS_WKUP_IRQHandler                   0x0800017f   Thumb Code     0  startup_stm32f10x_cl.o(.text)
    PVD_IRQHandler                           0x0800017f   Thumb Code     0  startup_stm32f10x_cl.o(.text)
    RCC_IRQHandler                           0x0800017f   Thumb Code     0  startup_stm32f10x_cl.o(.text)
    RTCAlarm_IRQHandler                      0x0800017f   Thumb Code     0  startup_stm32f10x_cl.o(.text)
    RTC_IRQHandler                           0x0800017f   Thumb Code     0  startup_stm32f10x_cl.o(.text)
    SPI1_IRQHandler                          0x0800017f   Thumb Code     0  startup_stm32f10x_cl.o(.text)
    SPI2_IRQHandler                          0x0800017f   Thumb Code     0  startup_stm32f10x_cl.o(.text)
    SPI3_IRQHandler                          0x0800017f   Thumb Code     0  startup_stm32f10x_cl.o(.text)
    TAMPER_IRQHandler                        0x0800017f   Thumb Code     0  startup_stm32f10x_cl.o(.text)
    TIM1_BRK_IRQHandler                      0x0800017f   Thumb Code     0  startup_stm32f10x_cl.o(.text)
    TIM1_CC_IRQHandler                       0x0800017f   Thumb Code     0  startup_stm32f10x_cl.o(.text)
    TIM1_TRG_COM_IRQHandler                  0x0800017f   Thumb Code     0  startup_stm32f10x_cl.o(.text)
    TIM1_UP_IRQHandler                       0x0800017f   Thumb Code     0  startup_stm32f10x_cl.o(.text)
    TIM3_IRQHandler                          0x0800017f   Thumb Code     0  startup_stm32f10x_cl.o(.text)
    TIM4_IRQHandler                          0x0800017f   Thumb Code     0  startup_stm32f10x_cl.o(.text)
    TIM5_IRQHandler                          0x0800017f   Thumb Code     0  startup_stm32f10x_cl.o(.text)
    TIM6_IRQHandler                          0x0800017f   Thumb Code     0  startup_stm32f10x_cl.o(.text)
    TIM7_IRQHandler                          0x0800017f   Thumb Code     0  startup_stm32f10x_cl.o(.text)
    UART5_IRQHandler                         0x0800017f   Thumb Code     0  startup_stm32f10x_cl.o(.text)
    WWDG_IRQHandler                          0x0800017f   Thumb Code     0  startup_stm32f10x_cl.o(.text)
    SystemInit                               0x08000299   Thumb Code    92  system_stm32f10x.o(.text)
    SystemCoreClockUpdate                    0x080002f5   Thumb Code   232  system_stm32f10x.o(.text)
    FLASH_SetLatency                         0x0800040d   Thumb Code    18  stm32f10x_flash.o(.text)
    FLASH_HalfCycleAccessCmd                 0x0800041f   Thumb Code    22  stm32f10x_flash.o(.text)
    FLASH_PrefetchBufferCmd                  0x08000435   Thumb Code    22  stm32f10x_flash.o(.text)
    FLASH_Unlock                             0x0800044b   Thumb Code    12  stm32f10x_flash.o(.text)
    FLASH_UnlockBank1                        0x08000457   Thumb Code    12  stm32f10x_flash.o(.text)
    FLASH_Lock                               0x08000463   Thumb Code    14  stm32f10x_flash.o(.text)
    FLASH_LockBank1                          0x08000471   Thumb Code    14  stm32f10x_flash.o(.text)
    FLASH_GetBank1Status                     0x0800047f   Thumb Code    48  stm32f10x_flash.o(.text)
    FLASH_WaitForLastOperation               0x080004af   Thumb Code    38  stm32f10x_flash.o(.text)
    FLASH_ErasePage                          0x080004d5   Thumb Code    72  stm32f10x_flash.o(.text)
    FLASH_EraseAllPages                      0x0800051d   Thumb Code    68  stm32f10x_flash.o(.text)
    FLASH_WaitForLastBank1Operation          0x08000561   Thumb Code    38  stm32f10x_flash.o(.text)
    FLASH_EraseAllBank1Pages                 0x08000587   Thumb Code    68  stm32f10x_flash.o(.text)
    FLASH_GetReadOutProtectionStatus         0x080005cb   Thumb Code    20  stm32f10x_flash.o(.text)
    FLASH_EraseOptionBytes                   0x080005df   Thumb Code   150  stm32f10x_flash.o(.text)
    FLASH_ProgramWord                        0x08000675   Thumb Code   102  stm32f10x_flash.o(.text)
    FLASH_ProgramHalfWord                    0x080006db   Thumb Code    60  stm32f10x_flash.o(.text)
    FLASH_ProgramOptionByteData              0x08000717   Thumb Code    72  stm32f10x_flash.o(.text)
    FLASH_EnableWriteProtection              0x0800075f   Thumb Code   200  stm32f10x_flash.o(.text)
    FLASH_ReadOutProtection                  0x08000827   Thumb Code   156  stm32f10x_flash.o(.text)
    FLASH_UserOptionByteConfig               0x080008c3   Thumb Code    88  stm32f10x_flash.o(.text)
    FLASH_GetUserOptionByte                  0x0800091b   Thumb Code     8  stm32f10x_flash.o(.text)
    FLASH_GetWriteProtectionOptionByte       0x08000923   Thumb Code     6  stm32f10x_flash.o(.text)
    FLASH_GetPrefetchBufferStatus            0x08000929   Thumb Code    20  stm32f10x_flash.o(.text)
    FLASH_ITConfig                           0x0800093d   Thumb Code    26  stm32f10x_flash.o(.text)
    FLASH_GetFlagStatus                      0x08000957   Thumb Code    42  stm32f10x_flash.o(.text)
    FLASH_ClearFlag                          0x08000981   Thumb Code     6  stm32f10x_flash.o(.text)
    FLASH_GetStatus                          0x08000987   Thumb Code    48  stm32f10x_flash.o(.text)
    GPIO_DeInit                              0x080009c9   Thumb Code   172  stm32f10x_gpio.o(.text)
    GPIO_AFIODeInit                          0x08000a75   Thumb Code    20  stm32f10x_gpio.o(.text)
    GPIO_Init                                0x08000a89   Thumb Code   278  stm32f10x_gpio.o(.text)
    GPIO_StructInit                          0x08000b9f   Thumb Code    16  stm32f10x_gpio.o(.text)
    GPIO_ReadInputDataBit                    0x08000baf   Thumb Code    18  stm32f10x_gpio.o(.text)
    GPIO_ReadInputData                       0x08000bc1   Thumb Code     8  stm32f10x_gpio.o(.text)
    GPIO_ReadOutputDataBit                   0x08000bc9   Thumb Code    18  stm32f10x_gpio.o(.text)
    GPIO_ReadOutputData                      0x08000bdb   Thumb Code     8  stm32f10x_gpio.o(.text)
    GPIO_SetBits                             0x08000be3   Thumb Code     4  stm32f10x_gpio.o(.text)
    GPIO_ResetBits                           0x08000be7   Thumb Code     4  stm32f10x_gpio.o(.text)
    GPIO_WriteBit                            0x08000beb   Thumb Code    10  stm32f10x_gpio.o(.text)
    GPIO_Write                               0x08000bf5   Thumb Code     4  stm32f10x_gpio.o(.text)
    GPIO_PinLockConfig                       0x08000bf9   Thumb Code    18  stm32f10x_gpio.o(.text)
    GPIO_EventOutputConfig                   0x08000c0b   Thumb Code    26  stm32f10x_gpio.o(.text)
    GPIO_EventOutputCmd                      0x08000c25   Thumb Code     6  stm32f10x_gpio.o(.text)
    GPIO_PinRemapConfig                      0x08000c2b   Thumb Code   138  stm32f10x_gpio.o(.text)
    GPIO_EXTILineConfig                      0x08000cb5   Thumb Code    66  stm32f10x_gpio.o(.text)
    GPIO_ETH_MediaInterfaceConfig            0x08000cf7   Thumb Code     8  stm32f10x_gpio.o(.text)
    RCC_DeInit                               0x08000d25   Thumb Code    78  stm32f10x_rcc.o(.text)
    RCC_HSEConfig                            0x08000d73   Thumb Code    70  stm32f10x_rcc.o(.text)
    RCC_GetFlagStatus                        0x08000db9   Thumb Code    56  stm32f10x_rcc.o(.text)
    RCC_WaitForHSEStartUp                    0x08000df1   Thumb Code    56  stm32f10x_rcc.o(.text)
    RCC_AdjustHSICalibrationValue            0x08000e29   Thumb Code    20  stm32f10x_rcc.o(.text)
    RCC_HSICmd                               0x08000e3d   Thumb Code     6  stm32f10x_rcc.o(.text)
    RCC_PLLConfig                            0x08000e43   Thumb Code    24  stm32f10x_rcc.o(.text)
    RCC_PLLCmd                               0x08000e5b   Thumb Code     6  stm32f10x_rcc.o(.text)
    RCC_PREDIV1Config                        0x08000e61   Thumb Code    24  stm32f10x_rcc.o(.text)
    RCC_PREDIV2Config                        0x08000e79   Thumb Code    18  stm32f10x_rcc.o(.text)
    RCC_PLL2Config                           0x08000e8b   Thumb Code    18  stm32f10x_rcc.o(.text)
    RCC_PLL2Cmd                              0x08000e9d   Thumb Code     6  stm32f10x_rcc.o(.text)
    RCC_PLL3Config                           0x08000ea3   Thumb Code    18  stm32f10x_rcc.o(.text)
    RCC_PLL3Cmd                              0x08000eb5   Thumb Code     6  stm32f10x_rcc.o(.text)
    RCC_SYSCLKConfig                         0x08000ebb   Thumb Code    18  stm32f10x_rcc.o(.text)
    RCC_GetSYSCLKSource                      0x08000ecd   Thumb Code    10  stm32f10x_rcc.o(.text)
    RCC_HCLKConfig                           0x08000ed7   Thumb Code    18  stm32f10x_rcc.o(.text)
    RCC_PCLK1Config                          0x08000ee9   Thumb Code    18  stm32f10x_rcc.o(.text)
    RCC_PCLK2Config                          0x08000efb   Thumb Code    20  stm32f10x_rcc.o(.text)
    RCC_ITConfig                             0x08000f0f   Thumb Code    26  stm32f10x_rcc.o(.text)
    RCC_OTGFSCLKConfig                       0x08000f29   Thumb Code     8  stm32f10x_rcc.o(.text)
    RCC_ADCCLKConfig                         0x08000f31   Thumb Code    18  stm32f10x_rcc.o(.text)
    RCC_I2S2CLKConfig                        0x08000f43   Thumb Code     6  stm32f10x_rcc.o(.text)
    RCC_I2S3CLKConfig                        0x08000f49   Thumb Code     8  stm32f10x_rcc.o(.text)
    RCC_LSEConfig                            0x08000f51   Thumb Code    50  stm32f10x_rcc.o(.text)
    RCC_LSICmd                               0x08000f83   Thumb Code     6  stm32f10x_rcc.o(.text)
    RCC_RTCCLKConfig                         0x08000f89   Thumb Code    12  stm32f10x_rcc.o(.text)
    RCC_RTCCLKCmd                            0x08000f95   Thumb Code     8  stm32f10x_rcc.o(.text)
    RCC_GetClocksFreq                        0x08000f9d   Thumb Code   424  stm32f10x_rcc.o(.text)
    RCC_AHBPeriphClockCmd                    0x08001145   Thumb Code    26  stm32f10x_rcc.o(.text)
    RCC_APB2PeriphClockCmd                   0x0800115f   Thumb Code    26  stm32f10x_rcc.o(.text)
    RCC_APB1PeriphClockCmd                   0x08001179   Thumb Code    26  stm32f10x_rcc.o(.text)
    RCC_AHBPeriphResetCmd                    0x08001193   Thumb Code    26  stm32f10x_rcc.o(.text)
    RCC_APB2PeriphResetCmd                   0x080011ad   Thumb Code    26  stm32f10x_rcc.o(.text)
    RCC_APB1PeriphResetCmd                   0x080011c7   Thumb Code    26  stm32f10x_rcc.o(.text)
    RCC_BackupResetCmd                       0x080011e1   Thumb Code     6  stm32f10x_rcc.o(.text)
    RCC_ClockSecuritySystemCmd               0x080011e7   Thumb Code     6  stm32f10x_rcc.o(.text)
    RCC_MCOConfig                            0x080011ed   Thumb Code     6  stm32f10x_rcc.o(.text)
    RCC_ClearFlag                            0x080011f3   Thumb Code    14  stm32f10x_rcc.o(.text)
    RCC_GetITStatus                          0x08001201   Thumb Code    20  stm32f10x_rcc.o(.text)
    RCC_ClearITPendingBit                    0x08001215   Thumb Code     6  stm32f10x_rcc.o(.text)
    OS_CPU_SR_Save                           0x08001229   Thumb Code     0  os_cpu_a.o(.text)
    OS_CPU_SR_Restore                        0x08001231   Thumb Code     0  os_cpu_a.o(.text)
    OSStartHighRdy                           0x08001237   Thumb Code     0  os_cpu_a.o(.text)
    OSCtxSw                                  0x08001259   Thumb Code     0  os_cpu_a.o(.text)
    OSIntCtxSw                               0x08001267   Thumb Code     0  os_cpu_a.o(.text)
    OS_CPU_PendSVHandler                     0x08001277   Thumb Code     0  os_cpu_a.o(.text)
    OSInitHookBegin                          0x080012dd   Thumb Code     2  os_cpu_c.o(.text)
    OSInitHookEnd                            0x080012df   Thumb Code     2  os_cpu_c.o(.text)
    OSTaskCreateHook                         0x080012e1   Thumb Code     2  os_cpu_c.o(.text)
    OSTaskDelHook                            0x080012e3   Thumb Code     2  os_cpu_c.o(.text)
    OSTaskIdleHook                           0x080012e5   Thumb Code     2  os_cpu_c.o(.text)
    OSTaskStatHook                           0x080012e7   Thumb Code     2  os_cpu_c.o(.text)
    OSTaskStkInit                            0x080012e9   Thumb Code   154  os_cpu_c.o(.text)
    OSTaskSwHook                             0x08001383   Thumb Code     2  os_cpu_c.o(.text)
    OSTCBInitHook                            0x08001385   Thumb Code     2  os_cpu_c.o(.text)
    OSTimeTickHook                           0x08001387   Thumb Code     2  os_cpu_c.o(.text)
    OS_CPU_SysTickHandler                    0x08001389   Thumb Code    34  os_cpu_c.o(.text)
    OS_TaskStatStkChk                        0x080013b1   Thumb Code    54  os_core.o(.text)
    OS_TaskStat                              0x080013e7   Thumb Code   116  os_core.o(.text)
    OS_TaskIdle                              0x0800148f   Thumb Code    34  os_core.o(.text)
    OS_MemClr                                0x080014e5   Thumb Code    18  os_core.o(.text)
    OSInit                                   0x080015f7   Thumb Code    36  os_core.o(.text)
    OSIntEnter                               0x0800161b   Thumb Code    28  os_core.o(.text)
    OSIntExit                                0x08001651   Thumb Code   112  os_core.o(.text)
    OSSchedLock                              0x080016c1   Thumb Code    50  os_core.o(.text)
    OS_Sched                                 0x080016f3   Thumb Code    88  os_core.o(.text)
    OSSchedUnlock                            0x0800174b   Thumb Code   230  os_core.o(.text)
    OSStart                                  0x08001831   Thumb Code    48  os_core.o(.text)
    OSStatInit                               0x08001861   Thumb Code    62  os_core.o(.text)
    OSTimeTick                               0x0800189f   Thumb Code   210  os_core.o(.text)
    OSVersion                                0x08001971   Thumb Code     6  os_core.o(.text)
    OS_Dummy                                 0x08001977   Thumb Code     2  os_core.o(.text)
    OS_EventTaskRemove                       0x08001979   Thumb Code    42  os_core.o(.text)
    OS_EventTaskRdy                          0x080019a3   Thumb Code   114  os_core.o(.text)
    OS_EventTaskWait                         0x08001a15   Thumb Code   112  os_core.o(.text)
    OS_EventWaitListInit                     0x08001a85   Thumb Code    28  os_core.o(.text)
    OS_MemCopy                               0x08001aa1   Thumb Code    20  os_core.o(.text)
    OS_StrLen                                0x08001ab5   Thumb Code    20  os_core.o(.text)
    OS_TCBInit                               0x08001ac9   Thumb Code   272  os_core.o(.text)
    OSTaskChangePrio                         0x08001c1d   Thumb Code   308  os_task.o(.text)
    OSTaskCreate                             0x08001d51   Thumb Code   148  os_task.o(.text)
    OS_TaskStkClr                            0x08001de5   Thumb Code    26  os_task.o(.text)
    OSTaskCreateExt                          0x08001dff   Thumb Code   170  os_task.o(.text)
    OSTaskDel                                0x08001ea9   Thumb Code   280  os_task.o(.text)
    OSTaskDelReq                             0x08001fc1   Thumb Code   144  os_task.o(.text)
    OSTaskNameGet                            0x08002051   Thumb Code   114  os_task.o(.text)
    OSTaskNameSet                            0x080020c3   Thumb Code    98  os_task.o(.text)
    OSTaskResume                             0x08002125   Thumb Code   154  os_task.o(.text)
    OSTaskStkChk                             0x080021bf   Thumb Code   132  os_task.o(.text)
    OSTaskSuspend                            0x08002243   Thumb Code   152  os_task.o(.text)
    OSTaskQuery                              0x080022db   Thumb Code    82  os_task.o(.text)
    OSTaskRegGet                             0x0800232d   Thumb Code    60  os_task.o(.text)
    OSTaskRegSet                             0x08002369   Thumb Code    62  os_task.o(.text)
    OS_TaskReturn                            0x080023a7   Thumb Code    10  os_task.o(.text)
    OSTimeDly                                0x080023c9   Thumb Code   100  os_time.o(.text)
    OSTimeDlyHMSM                            0x0800242d   Thumb Code    86  os_time.o(.text)
    OSTimeDlyResume                          0x08002483   Thumb Code   168  os_time.o(.text)
    OSTimeGet                                0x0800252b   Thumb Code    24  os_time.o(.text)
    OSTimeSet                                0x08002543   Thumb Code    24  os_time.o(.text)
    NMI_Handler                              0x08002579   Thumb Code     2  stm32f10x_it.o(.text)
    HardFault_Handler                        0x0800257b   Thumb Code     4  stm32f10x_it.o(.text)
    MemManage_Handler                        0x0800257f   Thumb Code     4  stm32f10x_it.o(.text)
    BusFault_Handler                         0x08002583   Thumb Code     4  stm32f10x_it.o(.text)
    UsageFault_Handler                       0x08002587   Thumb Code     4  stm32f10x_it.o(.text)
    SVC_Handler                              0x0800258b   Thumb Code     2  stm32f10x_it.o(.text)
    DebugMon_Handler                         0x0800258d   Thumb Code     2  stm32f10x_it.o(.text)
    PendSV_Handler                           0x0800258f   Thumb Code     2  stm32f10x_it.o(.text)
    SysTick_Handler                          0x08002591   Thumb Code     2  stm32f10x_it.o(.text)
    TIM2_IRQHandler                          0x08002593   Thumb Code     2  stm32f10x_it.o(.text)
    USART1_IRQHandler                        0x08002595   Thumb Code     2  stm32f10x_it.o(.text)
    USART2_IRQHandler                        0x08002597   Thumb Code     2  stm32f10x_it.o(.text)
    USART3_IRQHandler                        0x08002599   Thumb Code     2  stm32f10x_it.o(.text)
    UART4_IRQHandler                         0x0800259b   Thumb Code     2  stm32f10x_it.o(.text)
    RCC_Configuration                        0x0800259d   Thumb Code   188  bsp.o(.text)
    SysTick_init                             0x08002659   Thumb Code    82  bsp.o(.text)
    Bsp_Init                                 0x080026ab   Thumb Code    16  bsp.o(.text)
    Led_On                                   0x080026f1   Thumb Code    14  led.o(.text)
    Led_Off                                  0x080026ff   Thumb Code    14  led.o(.text)
    Bsp_Led_Init                             0x0800270d   Thumb Code     8  led.o(.text)
    TaskCreateAppTask                        0x08002729   Thumb Code    50  main.o(.text)
    TaskCreate                               0x08002787   Thumb Code    48  main.o(.text)
    main                                     0x080027b7   Thumb Code    18  main.o(.text)
    __scatterload                            0x080027f1   Thumb Code    28  init.o(.text)
    __scatterload_rt2                        0x080027f1   Thumb Code     0  init.o(.text)
    __scatterload_copy                       0x08002815   Thumb Code    14  handlers.o(i.__scatterload_copy)
    __scatterload_null                       0x08002823   Thumb Code     2  handlers.o(i.__scatterload_null)
    __scatterload_zeroinit                   0x08002825   Thumb Code    14  handlers.o(i.__scatterload_zeroinit)
    OSUnMapTbl                               0x08002832   Data         256  os_core.o(.constdata)
    Region$$Table$$Base                      0x08002934   Number         0  anon$$obj.o(Region$$Table)
    Region$$Table$$Limit                     0x08002954   Number         0  anon$$obj.o(Region$$Table)
    SystemCoreClock                          0x20000000   Data           4  system_stm32f10x.o(.data)
    AHBPrescTable                            0x20000004   Data          16  system_stm32f10x.o(.data)
    OSCtxSwCtr                               0x20000028   Data           4  os_core.o(.data)
    OSEventFreeList                          0x2000002c   Data           4  os_core.o(.data)
    OSCPUUsage                               0x20000030   Data           1  os_core.o(.data)
    OSIdleCtrMax                             0x20000034   Data           4  os_core.o(.data)
    OSIdleCtrRun                             0x20000038   Data           4  os_core.o(.data)
    OSStatRdy                                0x2000003c   Data           1  os_core.o(.data)
    OSIntNesting                             0x2000003d   Data           1  os_core.o(.data)
    OSLockNesting                            0x2000003e   Data           1  os_core.o(.data)
    OSPrioCur                                0x2000003f   Data           1  os_core.o(.data)
    OSPrioHighRdy                            0x20000040   Data           1  os_core.o(.data)
    OSRdyGrp                                 0x20000041   Data           1  os_core.o(.data)
    OSRdyTbl                                 0x20000042   Data           8  os_core.o(.data)
    OSRunning                                0x2000004a   Data           1  os_core.o(.data)
    OSTaskCtr                                0x2000004b   Data           1  os_core.o(.data)
    OSIdleCtr                                0x2000004c   Data           4  os_core.o(.data)
    OSTCBCur                                 0x20000050   Data           4  os_core.o(.data)
    OSTCBFreeList                            0x20000054   Data           4  os_core.o(.data)
    OSTCBHighRdy                             0x20000058   Data           4  os_core.o(.data)
    OSTCBList                                0x2000005c   Data           4  os_core.o(.data)
    OSTickStepState                          0x20000060   Data           1  os_core.o(.data)
    OSTime                                   0x20000064   Data           4  os_core.o(.data)
    OSEventTbl                               0x20000068   Data         200  os_core.o(.bss)
    OSTaskStatStk                            0x20000130   Data         512  os_core.o(.bss)
    OSTaskIdleStk                            0x20000330   Data         512  os_core.o(.bss)
    OSTCBPrioTbl                             0x20000530   Data         256  os_core.o(.bss)
    OSTCBTbl                                 0x20000630   Data         864  os_core.o(.bss)
    __initial_sp                             0x20001590   Data           0  startup_stm32f10x_cl.o(STACK)



==============================================================================

Memory Map of the image

  Image Entry point : 0x08000151

  Load Region LR_IROM1 (Base: 0x08000000, Size: 0x000029bc, Max: 0x00040000, ABSOLUTE)

    Execution Region ER_IROM1 (Base: 0x08000000, Size: 0x00002954, Max: 0x00040000, ABSOLUTE)

    Base Addr    Size         Type   Attr      Idx    E Section Name        Object

    0x08000000   0x00000150   Data   RO            3    RESET               startup_stm32f10x_cl.o
    0x08000150   0x00000000   Code   RO          331  * .ARM.Collect$$$$00000000  mc_w.l(entry.o)
    0x08000150   0x00000004   Code   RO          334    .ARM.Collect$$$$00000001  mc_w.l(entry2.o)
    0x08000154   0x00000004   Code   RO          337    .ARM.Collect$$$$00000004  mc_w.l(entry5.o)
    0x08000158   0x00000000   Code   RO          339    .ARM.Collect$$$$00000008  mc_w.l(entry7b.o)
    0x08000158   0x00000000   Code   RO          341    .ARM.Collect$$$$0000000A  mc_w.l(entry8b.o)
    0x08000158   0x00000008   Code   RO          342    .ARM.Collect$$$$0000000B  mc_w.l(entry9a.o)
    0x08000160   0x00000000   Code   RO          344    .ARM.Collect$$$$0000000D  mc_w.l(entry10a.o)
    0x08000160   0x00000000   Code   RO          346    .ARM.Collect$$$$0000000F  mc_w.l(entry11a.o)
    0x08000160   0x00000004   Code   RO          335    .ARM.Collect$$$$00002712  mc_w.l(entry2.o)
    0x08000164   0x00000024   Code   RO            4    .text               startup_stm32f10x_cl.o
    0x08000188   0x00000284   Code   RO           10    .text               system_stm32f10x.o
    0x0800040c   0x000005bc   Code   RO           83    .text               stm32f10x_flash.o
    0x080009c8   0x0000035c   Code   RO           95    .text               stm32f10x_gpio.o
    0x08000d24   0x00000504   Code   RO          107    .text               stm32f10x_rcc.o
    0x08001228   0x000000b4   Code   RO          121    .text               os_cpu_a.o
    0x080012dc   0x000000d4   Code   RO          124    .text               os_cpu_c.o
    0x080013b0   0x0000086c   Code   RO          163    .text               os_core.o
    0x08001c1c   0x000007ac   Code   RO          238    .text               os_task.o
    0x080023c8   0x000001b0   Code   RO          250    .text               os_time.o
    0x08002578   0x00000024   Code   RO          268    .text               stm32f10x_it.o
    0x0800259c   0x0000012c   Code   RO          283    .text               bsp.o
    0x080026c8   0x00000050   Code   RO          305    .text               led.o
    0x08002718   0x000000d8   Code   RO          317    .text               main.o
    0x080027f0   0x00000024   Code   RO          348    .text               mc_w.l(init.o)
    0x08002814   0x0000000e   Code   RO          352    i.__scatterload_copy  mc_w.l(handlers.o)
    0x08002822   0x00000002   Code   RO          353    i.__scatterload_null  mc_w.l(handlers.o)
    0x08002824   0x0000000e   Code   RO          354    i.__scatterload_zeroinit  mc_w.l(handlers.o)
    0x08002832   0x00000100   Data   RO          165    .constdata          os_core.o
    0x08002932   0x00000002   PAD
    0x08002934   0x00000020   Data   RO          350    Region$$Table       anon$$obj.o


    Execution Region RW_IRAM1 (Base: 0x20000000, Size: 0x00001590, Max: 0x00010000, ABSOLUTE)

    Base Addr    Size         Type   Attr      Idx    E Section Name        Object

    0x20000000   0x00000014   Data   RW           11    .data               system_stm32f10x.o
    0x20000014   0x00000014   Data   RW          108    .data               stm32f10x_rcc.o
    0x20000028   0x00000040   Data   RW          166    .data               os_core.o
    0x20000068   0x00000928   Zero   RW          164    .bss                os_core.o
    0x20000990   0x00000800   Zero   RW          318    .bss                main.o
    0x20001190   0x00000400   Zero   RW            1    STACK               startup_stm32f10x_cl.o


==============================================================================

Image component sizes


      Code (inc. data)   RO Data    RW Data    ZI Data      Debug   Object Name

       300         14          0          0          0      16305   bsp.o
        80          4          0          0          0        794   led.o
       216         40          0          0       2048       1772   main.o
      2156        216        256         64       2344      14759   os_core.o
       180         36          0          0          0        352   os_cpu_a.o
       212          6          0          0          0      10187   os_cpu_c.o
         0          0          0          0          0       6760   os_flag.o
      1964         68          0          0          0       7421   os_task.o
       432         30          0          0          0       1786   os_time.o
        36          8        336          0       1024        832   startup_stm32f10x_cl.o
      1468         34          0          0          0       8226   stm32f10x_flash.o
       860         38          0          0          0       5837   stm32f10x_gpio.o
        36          0          0          0          0       1713   stm32f10x_it.o
      1284         64          0         20          0      11422   stm32f10x_rcc.o
       644         48          0         20          0     254755   system_stm32f10x.o

    ----------------------------------------------------------------------
      9868        606        626        104       5416     342921   Object Totals
         0          0         32          0          0          0   (incl. Generated)
         0          0          2          0          0          0   (incl. Padding)

    ----------------------------------------------------------------------

      Code (inc. data)   RO Data    RW Data    ZI Data      Debug   Library Member Name

         0          0          0          0          0          0   entry.o
         0          0          0          0          0          0   entry10a.o
         0          0          0          0          0          0   entry11a.o
         8          4          0          0          0          0   entry2.o
         4          0          0          0          0          0   entry5.o
         0          0          0          0          0          0   entry7b.o
         0          0          0          0          0          0   entry8b.o
         8          4          0          0          0          0   entry9a.o
        30          0          0          0          0          0   handlers.o
        36          8          0          0          0         68   init.o

    ----------------------------------------------------------------------
        86         16          0          0          0         68   Library Totals
         0          0          0          0          0          0   (incl. Padding)

    ----------------------------------------------------------------------

      Code (inc. data)   RO Data    RW Data    ZI Data      Debug   Library Name

        86         16          0          0          0         68   mc_w.l

    ----------------------------------------------------------------------
        86         16          0          0          0         68   Library Totals

    ----------------------------------------------------------------------

==============================================================================


      Code (inc. data)   RO Data    RW Data    ZI Data      Debug   

      9954        622        626        104       5416     342049   Grand Totals
      9954        622        626        104       5416     342049   ELF Image Totals
      9954        622        626        104          0          0   ROM Totals

==============================================================================

    Total RO  Size (Code + RO Data)                10580 (  10.33kB)
    Total RW  Size (RW Data + ZI Data)              5520 (   5.39kB)
    Total ROM Size (Code + RO Data + RW Data)      10684 (  10.43kB)

==============================================================================

